  subsample: 70,000 couples
  DOB-ONLY MODE: no marriage date. Slots 'wedding', 'prog_older' and 'prog_younger' all carry the
                 Davison midpoint chart, and the three marriage-date modules are skipped.
  reference point                                     cols      AUC
  -------------------------------------------------- ----- --------
  age gap + era only                                     2   0.6138
  form context only (country, sex, precision)          208   0.6079
  BASELINE: age gap + era + form context               210   0.6860

  + astrology block on top of the baseline            cols      AUC     gain
  -------------------------------------------------- ----- -------- --------
  ura: hypotheticals dial positions & cross contacts   272   0.6692  -0.0168
  lun: saros/inex/metonic/callippic + computus         280   0.6715  -0.0145
  bab+egy: schematic 360-day & Egyptian civil calend   262   0.6762  -0.0098
  har: ecliptic latitude contacts                      204   0.6641  -0.0219
  har: declination parallels + out-of-bounds           486   0.6664  -0.0196
  lun: 45 pair synodic phases, births + diff           405   0.6652  -0.0208
  mod: Davison chart + composite dispute               547   0.6666  -0.0194
  bab: goal-year phase, circular                        96   0.6735  -0.0125

  mean gain -0.0169 · best -0.0098 · blocks that help at all: 0/8
  split-to-split noise on this design is roughly +-0.005 AUC, so a gain under about
  0.01 is not a gain.
