  DOB-ONLY MODE: no marriage date. Slots 'wedding', 'prog_older' and 'prog_younger' all carry the
                 Davison midpoint chart, and the three marriage-date modules are skipped.
  babylonian_egyptian     14 blocks     2.0s  Babylonian & Egyptian (Enuma Anu Enlil omens, Goal
  chinese                 14 blocks     0.6s  Chinese (BaZi four pillars, Wu Xing, 24 jieqi, 28 
  electional             SKIPPED — needs a marriage date, and this dataset has none
  harmonics               15 blocks     7.9s  Harmonics, symmetry and alternative zodiacs (Addey
  hellenistic             14 blocks     4.3s  Hellenistic & classical Western (Ptolemy, Vettius 
  lunar_calendrical       14 blocks     4.0s  Lunar cycles, eclipses and the religious calendars
  mesoamerican            14 blocks     0.5s  Mesoamerican (Maya Tzolk'in/Haab/Long Count at GMT
  modern_western          14 blocks    20.5s  Modern & psychological Western (element balance, a
  muhurta                SKIPPED — needs a marriage date, and this dataset has none
  persian_arabic          14 blocks     2.1s  Persian & medieval Arabic (Abu Ma'shar, al-Biruni,
  tibetan_seasia          14 blocks     1.0s  Tibetan, Burmese, Thai, Javanese and Balinese (nag
  uranian                 14 blocks    14.4s  Uranian / Hamburg School (Witte, Sieggruen, Rudolp
  vedic_core              14 blocks     2.7s  Vedic / Jyotisha core (Parashara BPHS, Muhurta Ash
  vedic_match             14 blocks     2.2s  Vedic marriage matching (Ashtakoot / Guna Milan 36
  wedding_transits       SKIPPED — needs a marriage date, and this dataset has none
  nationality             12 blocks     0.4s  Context: citizenship, sex and birthplace geography
  precision                6 blocks     0.1s  Context: date precision and per-body reliability (

187 blocks, 45,397 columns total, from 14 modules
  0 cached, 187 to score, 6 workers
  [  1/187] babylonian_egyptian::bab: lunar-visibility month & E   156 cols  75.13%  AUC 0.5005  (hist gradient boosti)
  [  2/187] babylonian_egyptian::bab: goal-year phase, circular     96 cols  75.13%  AUC 0.5411  (logistic L2 (C=0.1))
  [  3/187] babylonian_egyptian::bab: heliacal phenomena, one-ho   318 cols  75.13%  AUC 0.5104  (logistic L2 (C=0.1))
  [  4/187] babylonian_egyptian::bab: goal-year recurrence betwe   120 cols  75.13%  AUC 0.5396  (logistic L2 (C=0.1))
  [  5/187] babylonian_egyptian::bab: synodic phase & elongation   240 cols  75.13%  AUC 0.5067  (hist gradient boosti)
  [  6/187] babylonian_egyptian::bab: heliacal phenomena, orb ke   318 cols  75.13%  AUC 0.5034  (logistic L2 (C=0.1))
  [  7/187] babylonian_egyptian::bab+egy: schematic 360-day & Eg   262 cols  75.13%  AUC 0.5370  (logistic L2 (C=0.1))
  [  8/187] babylonian_egyptian::egy: decan rulers, Chaldean ord   420 cols  75.13%  AUC 0.5095  (hist gradient boosti)
  [  9/187] babylonian_egyptian::bab: EAE eclipse, saros, moon-o   342 cols  75.13%  AUC 0.5192  (hist gradient boosti)
  [ 10/187] babylonian_egyptian::egy: 36 decans, one-hot           504 cols  75.13%  AUC 0.5203  (hist gradient boosti)
  [ 11/187] chinese::chi: sexagenary cycles circular + partner o    73 cols  75.13%  AUC 0.5339  (logistic L2 (C=0.1))
  [ 12/187] chinese::chi: pillars one-hot (year/month/day, no ho   198 cols  75.13%  AUC 0.5185  (logistic L2 (C=0.1))
  [ 13/187] chinese::chi: wu xing counts, visible characters        61 cols  75.13%  AUC 0.5084  (logistic L2 (C=0.1))
  [ 14/187] chinese::chi: wu xing counts, hidden stems weighted     61 cols  75.13%  AUC 0.5079  (logistic L2 (C=0.1))
  [ 15/187] babylonian_egyptian::bab+egy: twelfth-part cross-con   249 cols  75.13%  AUC 0.4998  (logistic L2 (C=0.1))
  [ 16/187] chinese::chi: partner element relations (sheng/ke, n   121 cols  75.13%  AUC 0.5061  (logistic L2 (C=0.1))
  [ 17/187] babylonian_egyptian::egy: decan-pair contacts          390 cols  75.13%  AUC 0.5278  (hist gradient boosti)
  [ 18/187] babylonian_egyptian::egy: Egyptian bounds (terms)      428 cols  75.13%  AUC 0.5069  (logistic L2 (C=0.1))
  [ 19/187] chinese::chi: traditional he/chong compatibility tal    15 cols  75.13%  AUC 0.5012  (logistic L2 (C=0.1))
  [ 20/187] chinese::chi: day branch relations (day pillar is th   166 cols  75.13%  AUC 0.4990  (hist gradient boosti)
  [ 21/187] chinese::chi: branch relations across all nine pilla   111 cols  75.13%  AUC 0.5010  (hist gradient boosti)
  [ 22/187] chinese::chi: year branch relations (zodiac animals)   177 cols  75.13%  AUC 0.5075  (logistic L2 (C=0.1))
  [ 23/187] chinese::chi: 28 xiu, equal divisions from Spica       178 cols  75.13%  AUC 0.5000  (logistic L2 (C=0.1))
  [ 24/187] chinese::chi: 28 xiu, classical unequal widths         178 cols  75.13%  AUC 0.5045  (hist gradient boosti)
  [ 25/187] babylonian_egyptian::bab+egy: dodekatemoria, circula   504 cols  75.13%  AUC 0.5111  (hist gradient boosti)
  [ 26/187] chinese::chi: eight mansions (bazhai) kua relation      81 cols  75.13%  AUC 0.5060  (logistic L2 (C=0.1))
  [ 27/187] chinese::chi: 24 jieqi solar terms + jianchu day off   190 cols  75.13%  AUC 0.5171  (logistic L2 (C=0.1))
  [ 28/187] chinese::chi: nine star ki (nian/yue zibai)            181 cols  75.13%  AUC 0.5111  (hist gradient boosti)
  [ 29/187] harmonics::har: harmonic 5/7/9 conj (Addey creative)   300 cols  75.13%  AUC 0.5328  (hist gradient boosti)
  [ 30/187] harmonics::har: harmonic 5/7/9 circular cos/sin        294 cols  75.13%  AUC 0.4955  (hist gradient boosti)
  [ 31/187] harmonics::har: Addey wave amplitudes N=1..16          288 cols  75.13%  AUC 0.5104  (logistic L2 (C=0.1))
  [ 32/187] harmonics::har: minor-aspect kernels (Kepler/Addey)    288 cols  75.13%  AUC 0.5187  (hist gradient boosti)
  [ 33/187] harmonics::har: harmonic 10/11/13/16 conj              400 cols  75.13%  AUC 0.5227  (hist gradient boosti)
  [ 34/187] harmonics::har: minor-aspect family tallies            118 cols  75.13%  AUC 0.5115  (logistic L2 (C=0.1))
  [ 35/187] harmonics::har: ecliptic latitude contacts             204 cols  75.13%  AUC 0.5360  (hist gradient boosti)
  [ 36/187] harmonics::har: harmonic 2/3/4/6/8/12 conj             600 cols  75.13%  AUC 0.5346  (hist gradient boosti)
  [ 37/187] harmonics::har: draconic zodiac synastry               346 cols  75.13%  AUC 0.5214  (hist gradient boosti)
  [ 38/187] harmonics::har: draconic-tropical cross contacts       400 cols  75.11%  AUC 0.5076  (logistic L2 (C=0.1))
  [ 39/187] harmonics::har: heliocentric + helio-geo contacts      284 cols  75.13%  AUC 0.5363  (hist gradient boosti)
  [ 40/187] harmonics::har: declination parallels + out-of-bound   485 cols  75.13%  AUC 0.5352  (hist gradient boosti)
  [ 41/187] hellenistic::hel: synastry ptolemaic orbs 2deg         245 cols  75.13%  AUC 0.5194  (hist gradient boosti)
  [ 42/187] hellenistic::hel: synastry ptolemaic orbs 4deg         245 cols  75.13%  AUC 0.5275  (hist gradient boosti)
  [ 43/187] harmonics::har: antiscia + Ebertin dial midpoints      473 cols  75.13%  AUC 0.5012  (hist gradient boosti)
  [ 44/187] harmonics::har: fixed stars conj + parallels           552 cols  74.90%  AUC 0.5161  (logistic L2 (C=0.1))
  [ 45/187] hellenistic::hel: aversion & whole-sign tallies         90 cols  75.13%  AUC 0.5044  (logistic L2 (C=0.1))
  [ 46/187] hellenistic::hel: synastry ptolemaic orbs 6deg         245 cols  75.13%  AUC 0.5215  (hist gradient boosti)
  [ 47/187] harmonics::har: speed, stations, applying/separating   553 cols  75.13%  AUC 0.5351  (hist gradient boosti)
  [ 48/187] hellenistic::hel: essential dignity states             183 cols  75.13%  AUC 0.5147  (logistic L2 (C=0.1))
  [ 49/187] hellenistic::hel: sect proxy, triplicity lords & pla   186 cols  75.13%  AUC 0.5070  (hist gradient boosti)
  [ 50/187] hellenistic::hel: wedding chart ptolemaic orbs 2/4/6   390 cols  75.12%  AUC 0.5118  (logistic L2 (C=0.1))
  [ 51/187] hellenistic::hel: whole-sign relations dexter/sinist   588 cols  75.13%  AUC 0.5195  (hist gradient boosti)
  [ 52/187] hellenistic::hel: Valens synastry testimony count       86 cols  75.13%  AUC 0.4953  (hist gradient boosti)
  [ 53/187] hellenistic::hel: antiscia & contra-antiscia contact   342 cols  75.13%  AUC 0.4981  (hist gradient boosti)
  [ 54/187] lunar_calendrical::lun: synodic phase circular, 6 in    99 cols  75.13%  AUC 0.5010  (hist gradient boosti)
  [ 55/187] hellenistic::hel: dignity points & almuten             510 cols  75.11%  AUC 0.5136  (logistic L2 (C=0.1))
  [ 56/187] lunar_calendrical::lun: eight phases one-hot + pairi   101 cols  75.13%  AUC 0.5004  (logistic L2 (C=0.1))
  [ 57/187] hellenistic::hel: sign qualities & solar phase         330 cols  75.13%  AUC 0.5129  (hist gradient boosti)
  [ 58/187] hellenistic::hel: hermetic lots (circular)             320 cols  75.13%  AUC 0.5107  (hist gradient boosti)
  [ 59/187] lunar_calendrical::lun: manazil 28 (Arabic, ecliptic   255 cols  75.13%  AUC 0.5071  (hist gradient boosti)
  [ 60/187] lunar_calendrical::lun: nakshatra 27 tropical + part   277 cols  75.13%  AUC 0.5089  (hist gradient boosti)
  [ 61/187] lunar_calendrical::lun: xiu 28 (Chinese, equatorial)   240 cols  75.13%  AUC 0.5080  (logistic L2 (C=0.1))
  [ 62/187] lunar_calendrical::lun: synodic/draconic/anomalistic   159 cols  75.13%  AUC 0.5103  (hist gradient boosti)
  [ 63/187] lunar_calendrical::lun: void-of-course + electional     58 cols  75.13%  AUC 0.5005  (logistic L2 (C=0.1))
  [ 64/187] lunar_calendrical::lun: eclipse proximity + ecliptic   170 cols  75.13%  AUC 0.5045  (logistic L2 (C=0.1))
  [ 65/187] hellenistic::hel: lot cross-contacts                   680 cols  75.13%  AUC 0.5174  (hist gradient boosti)
  [ 66/187] lunar_calendrical::lun: 45 pair synodic phases, wedd   180 cols  75.13%  AUC 0.5015  (hist gradient boosti)
  [ 67/187] lunar_calendrical::lun: islamic hijri (tabular) + se   162 cols  75.13%  AUC 0.5137  (hist gradient boosti)
  [ 68/187] mesoamerican::meso: tzolkin circular per instant        84 cols  75.13%  AUC 0.5060  (hist gradient boosti)
  [ 69/187] lunar_calendrical::lun: saros/inex/metonic/callippic   280 cols  75.13%  AUC 0.5394  (hist gradient boosti)
  [ 70/187] mesoamerican::meso: tzolkin pair differences circula    84 cols  75.13%  AUC 0.4896  (logistic L2 (C=0.1))
  [ 71/187] lunar_calendrical::lun: hebrew calendar + halakhic w   183 cols  75.13%  AUC 0.5277  (hist gradient boosti)
  [ 72/187] mesoamerican::meso: distance numbers (LC intervals)      4 cols  75.13%  AUC 0.5427  (logistic L2 (C=0.1))
  [ 73/187] mesoamerican::meso: long count components + katun wh    43 cols  75.13%  AUC 0.5382  (logistic L2 (C=0.1))
  [ 74/187] mesoamerican::meso: tzolkin day-sign + trecena one-h   179 cols  75.13%  AUC 0.5071  (hist gradient boosti)
  [ 75/187] mesoamerican::meso: nine lords of the night G1-G9       82 cols  75.13%  AUC 0.5042  (hist gradient boosti)
  [ 76/187] mesoamerican::meso: 819-day cycle + directional quad    59 cols  75.13%  AUC 0.5210  (hist gradient boosti)
  [ 77/187] mesoamerican::meso: four world-quarters pairing         77 cols  75.13%  AUC 0.4945  (hist gradient boosti)
  [ 78/187] mesoamerican::meso: day-sign pair relations (allied/   110 cols  75.13%  AUC 0.5005  (logistic L2 (C=0.1))
  [ 79/187] lunar_calendrical::lun: zoroastrian + celtic tree +    323 cols  75.12%  AUC 0.5173  (logistic L2 (C=0.1))
  [ 80/187] mesoamerican::meso: documented rule tests + tally       25 cols  75.13%  AUC 0.4951  (logistic L2 (C=0.1))
  [ 81/187] mesoamerican::meso: haab + calendar round + year bea   185 cols  75.13%  AUC 0.5409  (logistic L2 (C=0.1))
  [ 82/187] lunar_calendrical::lun: 45 pair synodic phases, birt   405 cols  75.13%  AUC 0.5319  (hist gradient boosti)
  [ 83/187] mesoamerican::meso: dreamspell oracle (Arguelles, mo   147 cols  75.13%  AUC 0.5020  (logistic L2 (C=0.1))
  [ 84/187] mesoamerican::meso: aztec lord pairs (13 day-lords x   274 cols  75.13%  AUC 0.5056  (logistic L2 (C=0.1))
  [ 85/187] modern_western::mod: textbook synastry point score      49 cols  75.13%  AUC 0.5010  (hist gradient boosti)
  [ 86/187] mesoamerican::meso: day-sign pair one-hot 20x20        400 cols  75.13%  AUC 0.4999  (hist gradient boosti)
  [ 87/187] modern_western::mod: element+modality balance (March   200 cols  75.13%  AUC 0.5065  (logistic L2 (C=0.1))
  [ 88/187] modern_western::mod: aspect patterns cross-chart + r   184 cols  75.13%  AUC 0.5115  (hist gradient boosti)
  [ 89/187] modern_western::mod: aspect patterns natal + wedding   276 cols  75.11%  AUC 0.5091  (logistic L2 (C=0.1))
  [ 90/187] modern_western::mod: sign & element pair one-hot       605 cols  75.13%  AUC 0.5143  (hist gradient boosti)
  [ 91/187] modern_western::mod: Juno + Ceres marriage synastry    329 cols  75.13%  AUC 0.5044  (hist gradient boosti)
  [ 92/187] modern_western::mod: Pallas Vesta Chiron Lilith syna   404 cols  75.13%  AUC 0.5363  (hist gradient boosti)
  [ 93/187] modern_western::mod: Sun/Moon midpoint marriage axis   361 cols  75.13%  AUC 0.5056  (logistic L2 (C=0.1))
  [ 94/187] modern_western::mod: Venus-Mars + Sun-Moon cross con   410 cols  75.12%  AUC 0.5031  (logistic L2 (C=0.1))
  [ 95/187] modern_western::mod: solar return phase + retrograde   113 cols  75.13%  AUC 0.5026  (logistic L2 (C=0.1))
  [ 96/187] persian_arabic::pa: firdaria day-sect lord+sublord      33 cols  75.13%  AUC 0.5373  (logistic L2 (C=0.1))
  [ 97/187] persian_arabic::pa: firdaria night-sect lord+sublord    33 cols  75.13%  AUC 0.5390  (logistic L2 (C=0.1))
  [ 98/187] persian_arabic::pa: firdaria lords paired               48 cols  75.12%  AUC 0.5331  (logistic L2 (C=0.1))
  [ 99/187] modern_western::mod: midpoint composite chart          531 cols  75.13%  AUC 0.5069  (hist gradient boosti)
  [100/187] modern_western::mod: progressed synastry               490 cols  75.13%  AUC 0.5074  (hist gradient boosti)
  [101/187] persian_arabic::pa: tasyir hits + divisor of the yea   213 cols  75.13%  AUC 0.5093  (logistic L2 (C=0.1))
  [102/187] persian_arabic::pa: solar profection + lord of the y   165 cols  75.13%  AUC 0.5261  (logistic L2 (C=0.1))
  [103/187] modern_western::mod: Davison chart + composite dispu   540 cols  75.13%  AUC 0.5312  (hist gradient boosti)
  [104/187] persian_arabic::pa: lots day+night reversal (circula   132 cols  75.13%  AUC 0.5131  (hist gradient boosti)
  [105/187] persian_arabic::pa: triplicity lords of the year       109 cols  75.11%  AUC 0.5039  (logistic L2 (C=0.1))
  [106/187] persian_arabic::pa: lot signs + lot lords (one-hot)    330 cols  75.13%  AUC 0.5069  (hist gradient boosti)
  [107/187] persian_arabic::pa: tasyir 1deg/yr directed-to-natal   490 cols  75.13%  AUC 0.5257  (hist gradient boosti)
  [108/187] persian_arabic::pa: marriage+children lots cross-cha   305 cols  75.13%  AUC 0.5154  (hist gradient boosti)
  [109/187] persian_arabic::pa: reception + mutual reception       305 cols  75.13%  AUC 0.5154  (logistic L2 (C=0.1))
  [110/187] persian_arabic::pa: almuten point score (Ibn Ezra)     169 cols  75.12%  AUC 0.5170  (logistic L2 (C=0.1))
  [111/187] tibetan_seasia::tsa: rabjung year animal x element     127 cols  75.13%  AUC 0.5246  (hist gradient boosti)
  [112/187] persian_arabic::pa: al-Biruni aspects applying vs se   500 cols  75.13%  AUC 0.5067  (hist gradient boosti)
  [113/187] tibetan_seasia::tsa: element relations (srog + khams   114 cols  75.13%  AUC 0.5151  (logistic L2 (C=0.1))
  [114/187] tibetan_seasia::tsa: marriage reckoning tally           41 cols  75.13%  AUC 0.5132  (hist gradient boosti)
  [115/187] modern_western::mod: Sabian 360-degree + pentad bins  1252 cols  75.13%  AUC 0.5175  (hist gradient boosti)
  [116/187] tibetan_seasia::tsa: animal relations (mthun/dgra/gs   224 cols  75.13%  AUC 0.5123  (hist gradient boosti)
  [117/187] persian_arabic::pa: al-Biruni dexter/sinister + orb    394 cols  75.13%  AUC 0.5239  (hist gradient boosti)
  [118/187] tibetan_seasia::bur: mahabote weekday + year remaind   111 cols  75.13%  AUC 0.5272  (hist gradient boosti)
  [119/187] tibetan_seasia::bur: mahabote house pairing            166 cols  75.13%  AUC 0.5015  (logistic L2 (C=0.1))
  [120/187] tibetan_seasia::tsa: parkha (spar kha) pairing         162 cols  75.13%  AUC 0.5172  (hist gradient boosti)
  [121/187] tibetan_seasia::tsa: mewa (sme ba dgu) arithmetic      262 cols  75.13%  AUC 0.5116  (hist gradient boosti)
  [122/187] tibetan_seasia::thai: day colours + animal year        296 cols  75.13%  AUC 0.5041  (hist gradient boosti)
  [123/187] tibetan_seasia::jav: pawukon concurrent cycles         208 cols  75.13%  AUC 0.5069  (hist gradient boosti)
  [124/187] tibetan_seasia::jav: neptu marriage verdicts           117 cols  75.13%  AUC 0.5015  (logistic L2 (C=0.1))
  [125/187] tibetan_seasia::jav: wetonan 35 + neptu                189 cols  75.13%  AUC 0.5078  (hist gradient boosti)
  [126/187] tibetan_seasia::thai: rerk mansions + nine classes     298 cols  75.13%  AUC 0.5015  (hist gradient boosti)
  [127/187] tibetan_seasia::bal: padewasan + lunar day             343 cols  75.13%  AUC 0.4994  (hist gradient boosti)
  [128/187] uranian::ura: own-chart midpoint trees (occupation c   153 cols  75.13%  AUC 0.5045  (hist gradient boosti)
  [129/187] uranian::ura: 90/45-dial body positions (circular)     216 cols  75.13%  AUC 0.5333  (logistic L2 (C=0.1))
  [130/187] uranian::ura: cross-chart midpoint trees (partner on   232 cols  75.13%  AUC 0.5046  (hist gradient boosti)
  [131/187] uranian::ura: cross-chart 45-dial orb kernels 0.5/1/   363 cols  75.13%  AUC 0.5271  (hist gradient boosti)
  [132/187] uranian::ura: planetary pictures, marriage & childre   400 cols  75.12%  AUC 0.4997  (logistic L2 (C=0.1))
  [133/187] uranian::ura: COSI axes occupied in own radix          464 cols  75.13%  AUC 0.5052  (hist gradient boosti)
  [134/187] uranian::ura: solar arc magnitude and dial phase        17 cols  75.13%  AUC 0.5003  (logistic L2 (C=0.1))
  [135/187] uranian::ura: COSI union/offspring axes contacted (s   624 cols  75.13%  AUC 0.5022  (hist gradient boosti)
  [136/187] uranian::ura: solar-arc directed factors on partner    312 cols  75.12%  AUC 0.5016  (logistic L2 (C=0.1))
  [137/187] uranian::ura: the Hamburg tally (contact counts, ben    72 cols  75.13%  AUC 0.5032  (logistic L2 (C=0.1))
  [138/187] uranian::ura: solar-arc directed contacts to partner   604 cols  75.13%  AUC 0.5009  (hist gradient boosti)
  [139/187] uranian::ura: cross-chart dial distance 360/90/45/22   784 cols  75.13%  AUC 0.5310  (hist gradient boosti)
  [140/187] uranian::ura: Uranian offspring/marriage pictures (h   260 cols  75.13%  AUC 0.5085  (hist gradient boosti)
  [141/187] vedic_core::ved: ashtakoota 36 + doshas [Lahiri]       211 cols  75.13%  AUC 0.5045  (logistic L2 (C=0.1))
  [142/187] vedic_core::ved: ashtakoota 36 + doshas [Raman]        211 cols  75.13%  AUC 0.4999  (hist gradient boosti)
  [143/187] uranian::ura: hypotheticals dial positions & cross c   272 cols  75.13%  AUC 0.5389  (hist gradient boosti)
  [144/187] vedic_core::ved: ashtakoota 36 + doshas [Krishnamurt   211 cols  75.13%  AUC 0.5051  (logistic L2 (C=0.1))
  [145/187] vedic_core::ved: ashtakoota 36 + doshas [True Citra]   211 cols  75.13%  AUC 0.5041  (logistic L2 (C=0.1))
  [146/187] vedic_core::ved: nakshatra 27 + pada 108 circular      207 cols  75.13%  AUC 0.5381  (hist gradient boosti)
  [147/187] vedic_core::ved: D9 navamsa (marriage varga)           564 cols  75.13%  AUC 0.4955  (hist gradient boosti)
  [148/187] vedic_core::ved: panchanga 5 limbs                     378 cols  75.13%  AUC 0.5031  (hist gradient boosti)
  [149/187] vedic_core::ved: vimshottari dasha at wedding          256 cols  75.13%  AUC 0.5310  (logistic L2 (C=0.1))
  [150/187] vedic_core::ved: vargas D1 D2 D3 D12 D30 D60           588 cols  75.10%  AUC 0.5140  (logistic L2 (C=0.1))
  [151/187] vedic_core::ved: D7 saptamsa (children varga)          617 cols  75.13%  AUC 0.5106  (hist gradient boosti)
  [152/187] vedic_core::ved: nakshatra/pada one-hot                729 cols  75.13%  AUC 0.5155  (hist gradient boosti)
  [153/187] vedic_match::vm: ashtakoot 36pt (Krishnamurti)          53 cols  75.13%  AUC 0.5004  (logistic L2 (C=0.1))
  [154/187] vedic_match::vm: ashtakoot 36pt (Lahiri)                53 cols  75.13%  AUC 0.5008  (logistic L2 (C=0.1))
  [155/187] vedic_match::vm: ashtakoot 36pt (Raman)                 53 cols  75.13%  AUC 0.5015  (logistic L2 (C=0.1))
  [156/187] vedic_match::vm: ashtakoot 36pt (True Citra)            53 cols  75.13%  AUC 0.4997  (logistic L2 (C=0.1))
  [157/187] vedic_match::vm: ten poruthams (Lahiri)                 43 cols  75.13%  AUC 0.4971  (logistic L2 (C=0.1))
  [158/187] vedic_match::vm: ten poruthams (Krishnamurti)           43 cols  75.13%  AUC 0.4966  (logistic L2 (C=0.1))
  [159/187] vedic_match::vm: ashtakoot ayanamsa spread (7 modes)    29 cols  75.13%  AUC 0.5001  (hist gradient boosti)
  [160/187] vedic_match::vm: ashtakoot under the +-6deg moon sme    24 cols  75.13%  AUC 0.5052  (logistic L2 (C=0.1))
  [161/187] vedic_match::vm: ten poruthams (True Citra)             43 cols  75.13%  AUC 0.4975  (hist gradient boosti)
  [162/187] vedic_core::ved: panchadha maitri cross-chart          342 cols  75.13%  AUC 0.5243  (logistic L2 (C=0.1))
  [163/187] vedic_core::ved: graha states + avastha                546 cols  75.13%  AUC 0.5169  (hist gradient boosti)
  [164/187] vedic_match::vm: moon nakshatra/rasi/pada one-hot      110 cols  75.13%  AUC 0.5045  (hist gradient boosti)
  [165/187] vedic_core::ved: jaimini chara karakas (DK)            408 cols  75.13%  AUC 0.5081  (hist gradient boosti)
  [166/187] vedic_match::vm: nakshatra pair low-rank + kuta vect    87 cols  75.13%  AUC 0.5052  (logistic L2 (C=0.1))
  [167/187] vedic_match::vm: guna milan verdict (total, grade, d    29 cols  75.13%  AUC 0.4997  (logistic L2 (C=0.1))
  [168/187] nationality::ctx: shared citizenship + missingness       6 cols  75.13%  AUC 0.5312  (logistic L2 (C=0.1))
  [169/187] vedic_match::vm: kuja dosha (moon/sun/venus lagna pr   182 cols  75.13%  AUC 0.5027  (hist gradient boosti)
  [170/187] nationality::ctx: region one-hot + same region          23 cols  75.12%  AUC 0.5448  (hist gradient boosti)
  [171/187] nationality::ctx: sex pair                               3 cols  75.13%  AUC 0.5124  (logistic L2 (C=0.1))
  [172/187] nationality::ctx: birthplace geography                  12 cols  75.13%  AUC 0.5567  (hist gradient boosti)
  [173/187] nationality::ctx: region pair outer product             95 cols  75.09%  AUC 0.5404  (hist gradient boosti)
  [174/187] nationality::ctx: citizenship one-hot, younger          92 cols  75.11%  AUC 0.5671  (logistic L2 (C=0.1))
  [175/187] nationality::ctx: citizenship one-hot, older            92 cols  74.99%  AUC 0.5707  (logistic L2 (C=0.1))
  [176/187] nationality::ctx: same birthplace + geo resolution       6 cols  75.13%  AUC 0.5073  (logistic L2 (C=0.1))
  [177/187] vedic_match::vm: kuta category pairs one-hot           330 cols  75.13%  AUC 0.5002  (logistic L2 (C=0.1))
  [178/187] nationality::ctx: birth region + same region            23 cols  75.13%  AUC 0.5412  (hist gradient boosti)
  [179/187] precision::prec: date precision + window width          14 cols  75.13%  AUC 0.5196  (logistic L2 (C=0.1))
  [180/187] precision::prec: per-body attenuation, older            18 cols  75.13%  AUC 0.5135  (logistic L2 (C=0.1))
  [181/187] precision::prec: per-body attenuation, younger          18 cols  75.13%  AUC 0.5086  (logistic L2 (C=0.1))
  [182/187] precision::prec: worst-case body reliability            18 cols  75.13%  AUC 0.5185  (logistic L2 (C=0.1))
  [183/187] precision::prec: EVERYTHING                             68 cols  75.13%  AUC 0.5193  (logistic L2 (C=0.1))
  [184/187] nationality::ctx: citizenship one-hot, both partners   184 cols  75.12%  AUC 0.5723  (hist gradient boosti)
  [185/187] nationality::ctx: birth country one-hot, both          164 cols  75.10%  AUC 0.5612  (hist gradient boosti)
  [186/187] precision::prec: pairwise contact reliability          324 cols  75.13%  AUC 0.5192  (logistic L2 (C=0.1))
  [187/187] nationality::ctx: EVERYTHING                           417 cols  75.13%  AUC 0.5762  (hist gradient boosti)
  DOB-ONLY MODE: no marriage date. Slots 'wedding', 'prog_older' and 'prog_younger' all carry the
                 Davison midpoint chart, and the three marriage-date modules are skipped.
  DOB-ONLY MODE: no marriage date. Slots 'wedding', 'prog_older' and 'prog_younger' all carry the
                 Davison midpoint chart, and the three marriage-date modules are skipped.
  DOB-ONLY MODE: no marriage date. Slots 'wedding', 'prog_older' and 'prog_younger' all carry the
                 Davison midpoint chart, and the three marriage-date modules are skipped.
  DOB-ONLY MODE: no marriage date. Slots 'wedding', 'prog_older' and 'prog_younger' all carry the
                 Davison midpoint chart, and the three marriage-date modules are skipped.
  DOB-ONLY MODE: no marriage date. Slots 'wedding', 'prog_older' and 'prog_younger' all carry the
                 Davison midpoint chart, and the three marriage-date modules are skipped.
  DOB-ONLY MODE: no marriage date. Slots 'wedding', 'prog_older' and 'prog_younger' all carry the
                 Davison midpoint chart, and the three marriage-date modules are skipped.

top 20 blocks by AUC:
  0.5762   75.13%    417 cols  nationality::ctx: EVERYTHING
  0.5723   75.12%    184 cols  nationality::ctx: citizenship one-hot, both partners
  0.5707   74.99%     92 cols  nationality::ctx: citizenship one-hot, older
  0.5671   75.11%     92 cols  nationality::ctx: citizenship one-hot, younger
  0.5612   75.10%    164 cols  nationality::ctx: birth country one-hot, both
  0.5567   75.13%     12 cols  nationality::ctx: birthplace geography
  0.5448   75.12%     23 cols  nationality::ctx: region one-hot + same region
  0.5427   75.13%      4 cols  mesoamerican::meso: distance numbers (LC intervals)
  0.5412   75.13%     23 cols  nationality::ctx: birth region + same region
  0.5411   75.13%     96 cols  babylonian_egyptian::bab: goal-year phase, circular
  0.5409   75.13%    185 cols  mesoamerican::meso: haab + calendar round + year bearer
  0.5404   75.09%     95 cols  nationality::ctx: region pair outer product
  0.5396   75.13%    120 cols  babylonian_egyptian::bab: goal-year recurrence between charts
  0.5394   75.13%    280 cols  lunar_calendrical::lun: saros/inex/metonic/callippic + computus
  0.5390   75.13%     33 cols  persian_arabic::pa: firdaria night-sect lord+sublord
  0.5389   75.13%    272 cols  uranian::ura: hypotheticals dial positions & cross contacts
  0.5382   75.13%     43 cols  mesoamerican::meso: long count components + katun wheel
  0.5381   75.13%    207 cols  vedic_core::ved: nakshatra 27 + pada 108 circular
  0.5373   75.13%     33 cols  persian_arabic::pa: firdaria day-sect lord+sublord
  0.5370   75.13%    262 cols  babylonian_egyptian::bab+egy: schematic 360-day & Egyptian civil calendars
SCREEN DONE
