  DOB-ONLY MODE: no marriage date. Slots 'wedding', 'prog_older' and 'prog_younger' all carry the
                 Davison midpoint chart, and the three marriage-date modules are skipped.
  babylonian_egyptian     14 blocks    17.8s  Babylonian & Egyptian (Enuma Anu Enlil omens, Goal
  chinese                 14 blocks     4.2s  Chinese (BaZi four pillars, Wu Xing, 24 jieqi, 28 
  electional             SKIPPED — needs a marriage date, and this dataset has none
  harmonics               15 blocks    51.8s  Harmonics, symmetry and alternative zodiacs (Addey
  hellenistic             14 blocks    35.9s  Hellenistic & classical Western (Ptolemy, Vettius 
  lunar_calendrical       14 blocks    23.7s  Lunar cycles, eclipses and the religious calendars
  mesoamerican            14 blocks     4.3s  Mesoamerican (Maya Tzolk'in/Haab/Long Count at GMT
  modern_western          14 blocks   112.2s  Modern & psychological Western (element balance, a
  muhurta                SKIPPED — needs a marriage date, and this dataset has none
  persian_arabic          14 blocks    16.3s  Persian & medieval Arabic (Abu Ma'shar, al-Biruni,
  tibetan_seasia          14 blocks     7.1s  Tibetan, Burmese, Thai, Javanese and Balinese (nag
  uranian                 14 blocks   110.5s  Uranian / Hamburg School (Witte, Sieggruen, Rudolp
  vedic_core              14 blocks    30.0s  Vedic / Jyotisha core (Parashara BPHS, Muhurta Ash
  vedic_match             14 blocks    11.8s  Vedic marriage matching (Ashtakoot / Guna Milan 36
  wedding_transits       SKIPPED — needs a marriage date, and this dataset has none
  cohort                   3 blocks     0.2s  Context: birth cohort and exposure to the censorin
  nationality             12 blocks     3.2s  Context: citizenship, sex and birthplace geography
  precision                6 blocks     1.0s  Context: date precision and per-body reliability (

190 blocks, 45,528 columns total, from 15 modules
  0 cached, 190 to score, 6 workers
  [  1/190] babylonian_egyptian::bab: goal-year recurrence betwe   120 cols  67.15%  AUC 0.5398  (hist gradient boosti)
  [  2/190] babylonian_egyptian::bab: goal-year phase, circular     96 cols  69.64%  AUC 0.6939  (hist gradient boosti)
  [  3/190] babylonian_egyptian::bab: lunar-visibility month & E   156 cols  67.15%  AUC 0.5382  (hist gradient boosti)
  [  4/190] babylonian_egyptian::bab: synodic phase & elongation   240 cols  67.17%  AUC 0.6137  (hist gradient boosti)
  [  5/190] babylonian_egyptian::bab: heliacal phenomena, orb ke   318 cols  67.18%  AUC 0.6095  (hist gradient boosti)
  [  6/190] babylonian_egyptian::bab: heliacal phenomena, one-ho   318 cols  67.14%  AUC 0.5472  (hist gradient boosti)
  [  7/190] babylonian_egyptian::bab+egy: schematic 360-day & Eg   262 cols  69.65%  AUC 0.6967  (hist gradient boosti)
  [  8/190] babylonian_egyptian::bab: EAE eclipse, saros, moon-o   342 cols  67.22%  AUC 0.6371  (hist gradient boosti)
  [  9/190] babylonian_egyptian::egy: decan-pair contacts          390 cols  67.15%  AUC 0.5451  (hist gradient boosti)
  [ 10/190] babylonian_egyptian::egy: 36 decans, one-hot           504 cols  67.24%  AUC 0.5994  (hist gradient boosti)
  [ 11/190] babylonian_egyptian::bab+egy: twelfth-part cross-con   249 cols  67.15%  AUC 0.5266  (hist gradient boosti)
  [ 12/190] chinese::chi: sexagenary cycles circular + partner o    73 cols  67.15%  AUC 0.5832  (hist gradient boosti)
  [ 13/190] chinese::chi: wu xing counts, visible characters        61 cols  67.15%  AUC 0.5353  (hist gradient boosti)
  [ 14/190] chinese::chi: wu xing counts, hidden stems weighted     61 cols  67.15%  AUC 0.5418  (hist gradient boosti)
  [ 15/190] babylonian_egyptian::egy: decan rulers, Chaldean ord   420 cols  67.29%  AUC 0.5839  (hist gradient boosti)
  [ 16/190] chinese::chi: pillars one-hot (year/month/day, no ho   198 cols  67.15%  AUC 0.5529  (hist gradient boosti)
  [ 17/190] chinese::chi: partner element relations (sheng/ke, n   121 cols  67.15%  AUC 0.5285  (hist gradient boosti)
  [ 18/190] chinese::chi: traditional he/chong compatibility tal    15 cols  67.15%  AUC 0.5236  (hist gradient boosti)
  [ 19/190] chinese::chi: branch relations across all nine pilla   111 cols  67.15%  AUC 0.5278  (hist gradient boosti)
  [ 20/190] babylonian_egyptian::egy: Egyptian bounds (terms)      428 cols  67.21%  AUC 0.5672  (hist gradient boosti)
  [ 21/190] chinese::chi: day branch relations (day pillar is th   166 cols  67.15%  AUC 0.5267  (hist gradient boosti)
  [ 22/190] chinese::chi: year branch relations (zodiac animals)   177 cols  67.15%  AUC 0.5194  (hist gradient boosti)
  [ 23/190] chinese::chi: eight mansions (bazhai) kua relation      81 cols  67.15%  AUC 0.5204  (logistic L2 (C=0.1))
  [ 24/190] babylonian_egyptian::bab+egy: dodekatemoria, circula   504 cols  67.18%  AUC 0.5725  (hist gradient boosti)
  [ 25/190] chinese::chi: 28 xiu, equal divisions from Spica       178 cols  67.15%  AUC 0.5342  (hist gradient boosti)
  [ 26/190] chinese::chi: nine star ki (nian/yue zibai)            181 cols  67.15%  AUC 0.5351  (hist gradient boosti)
  [ 27/190] chinese::chi: 28 xiu, classical unequal widths         178 cols  67.15%  AUC 0.5345  (hist gradient boosti)
  [ 28/190] chinese::chi: 24 jieqi solar terms + jianchu day off   190 cols  67.16%  AUC 0.5491  (hist gradient boosti)
  [ 29/190] harmonics::har: harmonic 5/7/9 circular cos/sin        294 cols  67.15%  AUC 0.5286  (hist gradient boosti)
  [ 30/190] harmonics::har: minor-aspect kernels (Kepler/Addey)    288 cols  67.15%  AUC 0.5363  (hist gradient boosti)
  [ 31/190] harmonics::har: minor-aspect family tallies            118 cols  67.14%  AUC 0.5439  (hist gradient boosti)
  [ 32/190] harmonics::har: harmonic 5/7/9 conj (Addey creative)   300 cols  67.42%  AUC 0.6497  (hist gradient boosti)
  [ 33/190] harmonics::har: Addey wave amplitudes N=1..16          288 cols  67.18%  AUC 0.6034  (hist gradient boosti)
  [ 34/190] harmonics::har: harmonic 10/11/13/16 conj              400 cols  67.24%  AUC 0.6300  (hist gradient boosti)
  [ 35/190] harmonics::har: ecliptic latitude contacts             204 cols  69.71%  AUC 0.6972  (hist gradient boosti)
  [ 36/190] harmonics::har: draconic zodiac synastry               346 cols  68.51%  AUC 0.6698  (hist gradient boosti)
  [ 37/190] harmonics::har: declination parallels + out-of-bound   486 cols  69.66%  AUC 0.6980  (hist gradient boosti)
  [ 38/190] harmonics::har: harmonic 2/3/4/6/8/12 conj             600 cols  69.08%  AUC 0.6874  (hist gradient boosti)
  [ 39/190] harmonics::har: heliocentric + helio-geo contacts      286 cols  69.53%  AUC 0.6964  (hist gradient boosti)
  [ 40/190] harmonics::har: draconic-tropical cross contacts       400 cols  67.34%  AUC 0.6321  (hist gradient boosti)
  [ 41/190] hellenistic::hel: synastry ptolemaic orbs 2deg         245 cols  67.15%  AUC 0.5317  (hist gradient boosti)
  [ 42/190] hellenistic::hel: synastry ptolemaic orbs 4deg         245 cols  67.15%  AUC 0.5338  (hist gradient boosti)
  [ 43/190] harmonics::har: speed, stations, applying/separating   555 cols  69.35%  AUC 0.6928  (hist gradient boosti)
  [ 44/190] hellenistic::hel: synastry ptolemaic orbs 6deg         245 cols  67.15%  AUC 0.5359  (hist gradient boosti)
  [ 45/190] hellenistic::hel: aversion & whole-sign tallies         90 cols  67.15%  AUC 0.5291  (hist gradient boosti)
  [ 46/190] harmonics::har: antiscia + Ebertin dial midpoints      476 cols  67.47%  AUC 0.6460  (hist gradient boosti)
  [ 47/190] hellenistic::hel: essential dignity states             183 cols  67.17%  AUC 0.5768  (hist gradient boosti)
  [ 48/190] hellenistic::hel: whole-sign relations dexter/sinist   588 cols  67.15%  AUC 0.5367  (hist gradient boosti)
  [ 49/190] harmonics::har: fixed stars conj + parallels           554 cols  68.18%  AUC 0.6562  (hist gradient boosti)
  [ 50/190] hellenistic::hel: wedding chart ptolemaic orbs 2/4/6   390 cols  67.16%  AUC 0.6048  (hist gradient boosti)
  [ 51/190] hellenistic::hel: sect proxy, triplicity lords & pla   186 cols  67.15%  AUC 0.5495  (hist gradient boosti)
  [ 52/190] hellenistic::hel: Valens synastry testimony count       86 cols  67.15%  AUC 0.5258  (hist gradient boosti)
  [ 53/190] lunar_calendrical::lun: synodic phase circular, 6 in    99 cols  67.15%  AUC 0.5429  (hist gradient boosti)
  [ 54/190] lunar_calendrical::lun: eight phases one-hot + pairi   101 cols  67.15%  AUC 0.5275  (logistic L2 (C=0.1))
  [ 55/190] hellenistic::hel: hermetic lots (circular)             320 cols  67.17%  AUC 0.5813  (hist gradient boosti)
  [ 56/190] hellenistic::hel: antiscia & contra-antiscia contact   342 cols  67.15%  AUC 0.5568  (hist gradient boosti)
  [ 57/190] hellenistic::hel: dignity points & almuten             510 cols  67.25%  AUC 0.5875  (hist gradient boosti)
  [ 58/190] lunar_calendrical::lun: nakshatra 27 tropical + part   277 cols  67.15%  AUC 0.5255  (logistic L2 (C=0.1))
  [ 59/190] lunar_calendrical::lun: xiu 28 (Chinese, equatorial)   240 cols  67.15%  AUC 0.5339  (hist gradient boosti)
  [ 60/190] hellenistic::hel: lot cross-contacts                   680 cols  67.15%  AUC 0.5291  (hist gradient boosti)
  [ 61/190] lunar_calendrical::lun: manazil 28 (Arabic, ecliptic   255 cols  67.15%  AUC 0.5377  (hist gradient boosti)
  [ 62/190] hellenistic::hel: sign qualities & solar phase         330 cols  67.31%  AUC 0.6068  (hist gradient boosti)
  [ 63/190] lunar_calendrical::lun: void-of-course + electional     58 cols  67.15%  AUC 0.5075  (hist gradient boosti)
  [ 64/190] lunar_calendrical::lun: synodic/draconic/anomalistic   159 cols  67.77%  AUC 0.5914  (hist gradient boosti)
  [ 65/190] lunar_calendrical::lun: 45 pair synodic phases, wedd   180 cols  69.51%  AUC 0.6836  (hist gradient boosti)
  [ 66/190] lunar_calendrical::lun: eclipse proximity + ecliptic   170 cols  67.14%  AUC 0.5648  (hist gradient boosti)
  [ 67/190] lunar_calendrical::lun: islamic hijri (tabular) + se   162 cols  67.15%  AUC 0.5407  (hist gradient boosti)
  [ 68/190] lunar_calendrical::lun: hebrew calendar + halakhic w   183 cols  67.15%  AUC 0.5510  (hist gradient boosti)
  [ 69/190] mesoamerican::meso: tzolkin circular per instant        84 cols  67.15%  AUC 0.5296  (hist gradient boosti)
  [ 70/190] mesoamerican::meso: tzolkin pair differences circula    84 cols  67.15%  AUC 0.5240  (hist gradient boosti)
  [ 71/190] lunar_calendrical::lun: saros/inex/metonic/callippic   280 cols  69.70%  AUC 0.6981  (hist gradient boosti)
  [ 72/190] mesoamerican::meso: distance numbers (LC intervals)      4 cols  69.76%  AUC 0.6978  (hist gradient boosti)
  [ 73/190] mesoamerican::meso: tzolkin day-sign + trecena one-h   179 cols  67.15%  AUC 0.5204  (hist gradient boosti)
  [ 74/190] mesoamerican::meso: long count components + katun wh    69 cols  69.62%  AUC 0.6943  (logistic L2 (C=0.1))
  [ 75/190] mesoamerican::meso: nine lords of the night G1-G9       82 cols  67.15%  AUC 0.5273  (logistic L2 (C=0.1))
  [ 76/190] mesoamerican::meso: 819-day cycle + directional quad    59 cols  67.15%  AUC 0.5375  (hist gradient boosti)
  [ 77/190] mesoamerican::meso: four world-quarters pairing         77 cols  67.15%  AUC 0.5235  (logistic L2 (C=0.1))
  [ 78/190] mesoamerican::meso: day-sign pair relations (allied/   110 cols  67.15%  AUC 0.5240  (hist gradient boosti)
  [ 79/190] lunar_calendrical::lun: 45 pair synodic phases, birt   405 cols  69.70%  AUC 0.6976  (hist gradient boosti)
  [ 80/190] mesoamerican::meso: haab + calendar round + year bea   185 cols  67.26%  AUC 0.5888  (hist gradient boosti)
  [ 81/190] mesoamerican::meso: documented rule tests + tally       25 cols  67.15%  AUC 0.5263  (hist gradient boosti)
  [ 82/190] mesoamerican::meso: dreamspell oracle (Arguelles, mo   147 cols  67.15%  AUC 0.5353  (hist gradient boosti)
  [ 83/190] modern_western::mod: textbook synastry point score      49 cols  67.15%  AUC 0.5352  (hist gradient boosti)
  [ 84/190] mesoamerican::meso: aztec lord pairs (13 day-lords x   274 cols  67.15%  AUC 0.5275  (logistic L2 (C=0.1))
  [ 85/190] mesoamerican::meso: day-sign pair one-hot 20x20        400 cols  67.15%  AUC 0.5214  (hist gradient boosti)
  [ 86/190] lunar_calendrical::lun: zoroastrian + celtic tree +    323 cols  68.11%  AUC 0.6672  (hist gradient boosti)
  [ 87/190] modern_western::mod: element+modality balance (March   200 cols  67.16%  AUC 0.5662  (hist gradient boosti)
  [ 88/190] modern_western::mod: aspect patterns cross-chart + r   184 cols  67.14%  AUC 0.5796  (hist gradient boosti)
  [ 89/190] modern_western::mod: aspect patterns natal + wedding   276 cols  67.22%  AUC 0.6018  (hist gradient boosti)
  [ 90/190] modern_western::mod: Juno + Ceres marriage synastry    329 cols  67.15%  AUC 0.5461  (hist gradient boosti)
  [ 91/190] modern_western::mod: sign & element pair one-hot       605 cols  67.15%  AUC 0.5559  (hist gradient boosti)
  [ 92/190] modern_western::mod: Venus-Mars + Sun-Moon cross con   410 cols  67.15%  AUC 0.5285  (hist gradient boosti)
  [ 93/190] modern_western::mod: Pallas Vesta Chiron Lilith syna   404 cols  67.15%  AUC 0.5449  (hist gradient boosti)
  [ 94/190] modern_western::mod: solar return phase + retrograde   113 cols  67.16%  AUC 0.5831  (hist gradient boosti)
  [ 95/190] persian_arabic::pa: firdaria day-sect lord+sublord      33 cols  67.15%  AUC 0.5425  (logistic L2 (C=0.1))
  [ 96/190] persian_arabic::pa: firdaria night-sect lord+sublord    33 cols  67.15%  AUC 0.5429  (logistic L2 (C=0.1))
  [ 97/190] persian_arabic::pa: firdaria lords paired               48 cols  67.15%  AUC 0.5375  (hist gradient boosti)
  [ 98/190] modern_western::mod: Sun/Moon midpoint marriage axis   361 cols  67.25%  AUC 0.6395  (hist gradient boosti)
  [ 99/190] persian_arabic::pa: tasyir hits + divisor of the yea   213 cols  67.15%  AUC 0.5433  (hist gradient boosti)
  [100/190] modern_western::mod: midpoint composite chart          534 cols  69.43%  AUC 0.6848  (hist gradient boosti)
  [101/190] persian_arabic::pa: solar profection + lord of the y   165 cols  67.15%  AUC 0.5387  (logistic L2 (C=0.1))
  [102/190] modern_western::mod: progressed synastry               490 cols  67.15%  AUC 0.5829  (hist gradient boosti)
  [103/190] modern_western::mod: Davison chart + composite dispu   547 cols  69.53%  AUC 0.6963  (hist gradient boosti)
  [104/190] persian_arabic::pa: tasyir 1deg/yr directed-to-natal   490 cols  67.15%  AUC 0.5339  (hist gradient boosti)
  [105/190] persian_arabic::pa: lots day+night reversal (circula   132 cols  67.17%  AUC 0.5788  (hist gradient boosti)
  [106/190] persian_arabic::pa: triplicity lords of the year       118 cols  67.15%  AUC 0.5394  (logistic L2 (C=0.1))
  [107/190] persian_arabic::pa: marriage+children lots cross-cha   305 cols  67.15%  AUC 0.5304  (hist gradient boosti)
  [108/190] persian_arabic::pa: al-Biruni aspects applying vs se   500 cols  67.14%  AUC 0.5268  (logistic L2 (C=0.1))
  [109/190] persian_arabic::pa: al-Biruni dexter/sinister + orb    394 cols  67.15%  AUC 0.5413  (hist gradient boosti)
  [110/190] persian_arabic::pa: almuten point score (Ibn Ezra)     169 cols  67.21%  AUC 0.5685  (hist gradient boosti)
  [111/190] persian_arabic::pa: lot signs + lot lords (one-hot)    330 cols  67.15%  AUC 0.5715  (hist gradient boosti)
  [112/190] tibetan_seasia::tsa: rabjung year animal x element     127 cols  67.15%  AUC 0.5612  (hist gradient boosti)
  [113/190] tibetan_seasia::tsa: element relations (srog + khams   114 cols  67.15%  AUC 0.5328  (hist gradient boosti)
  [114/190] tibetan_seasia::tsa: animal relations (mthun/dgra/gs   224 cols  67.15%  AUC 0.5204  (hist gradient boosti)
  [115/190] persian_arabic::pa: reception + mutual reception       305 cols  67.16%  AUC 0.5862  (hist gradient boosti)
  [116/190] tibetan_seasia::tsa: marriage reckoning tally           41 cols  67.15%  AUC 0.5279  (hist gradient boosti)
  [117/190] tibetan_seasia::tsa: mewa (sme ba dgu) arithmetic      262 cols  67.15%  AUC 0.5211  (hist gradient boosti)
  [118/190] tibetan_seasia::tsa: parkha (spar kha) pairing         162 cols  67.15%  AUC 0.5259  (hist gradient boosti)
  [119/190] tibetan_seasia::bur: mahabote house pairing            166 cols  67.15%  AUC 0.5276  (hist gradient boosti)
  [120/190] tibetan_seasia::bur: mahabote weekday + year remaind   111 cols  67.39%  AUC 0.6515  (hist gradient boosti)
  [121/190] tibetan_seasia::jav: wetonan 35 + neptu                189 cols  67.15%  AUC 0.5264  (logistic L2 (C=0.1))
  [122/190] tibetan_seasia::thai: rerk mansions + nine classes     298 cols  67.15%  AUC 0.5350  (hist gradient boosti)
  [123/190] tibetan_seasia::thai: day colours + animal year        296 cols  67.15%  AUC 0.5285  (hist gradient boosti)
  [124/190] tibetan_seasia::jav: neptu marriage verdicts           117 cols  67.15%  AUC 0.5249  (hist gradient boosti)
  [125/190] tibetan_seasia::jav: pawukon concurrent cycles         208 cols  67.15%  AUC 0.5483  (hist gradient boosti)
  [126/190] modern_western::mod: Sabian 360-degree + pentad bins  1252 cols  67.43%  AUC 0.5667  (hist gradient boosti)
  [127/190] uranian::ura: own-chart midpoint trees (occupation c   153 cols  67.21%  AUC 0.5683  (hist gradient boosti)
  [128/190] tibetan_seasia::bal: padewasan + lunar day             343 cols  67.15%  AUC 0.5358  (hist gradient boosti)
  [129/190] uranian::ura: 90/45-dial body positions (circular)     216 cols  68.12%  AUC 0.6839  (hist gradient boosti)
  [130/190] uranian::ura: cross-chart midpoint trees (partner on   232 cols  67.15%  AUC 0.5304  (hist gradient boosti)
  [131/190] uranian::ura: cross-chart 45-dial orb kernels 0.5/1/   363 cols  67.16%  AUC 0.6182  (hist gradient boosti)
  [132/190] uranian::ura: planetary pictures, marriage & childre   400 cols  67.17%  AUC 0.6181  (hist gradient boosti)
  [133/190] uranian::ura: solar arc magnitude and dial phase        17 cols  67.15%  AUC 0.5362  (hist gradient boosti)
  [134/190] uranian::ura: solar-arc directed factors on partner    312 cols  67.15%  AUC 0.5719  (hist gradient boosti)
  [135/190] uranian::ura: COSI axes occupied in own radix          464 cols  67.30%  AUC 0.6162  (hist gradient boosti)
  [136/190] uranian::ura: cross-chart dial distance 360/90/45/22   784 cols  69.47%  AUC 0.6944  (hist gradient boosti)
  [137/190] uranian::ura: COSI union/offspring axes contacted (s   624 cols  67.15%  AUC 0.5740  (hist gradient boosti)
  [138/190] uranian::ura: solar-arc directed contacts to partner   604 cols  67.15%  AUC 0.5553  (hist gradient boosti)
  [139/190] uranian::ura: the Hamburg tally (contact counts, ben    72 cols  67.15%  AUC 0.5394  (hist gradient boosti)
  [140/190] vedic_core::ved: ashtakoota 36 + doshas [Lahiri]       211 cols  67.15%  AUC 0.5356  (hist gradient boosti)
  [141/190] vedic_core::ved: ashtakoota 36 + doshas [Raman]        211 cols  67.15%  AUC 0.5338  (hist gradient boosti)
  [142/190] vedic_core::ved: ashtakoota 36 + doshas [Krishnamurt   211 cols  67.15%  AUC 0.5341  (hist gradient boosti)
  [143/190] vedic_core::ved: ashtakoota 36 + doshas [True Citra]   211 cols  67.15%  AUC 0.5332  (hist gradient boosti)
  [144/190] uranian::ura: hypotheticals dial positions & cross c   272 cols  69.73%  AUC 0.6977  (hist gradient boosti)
  [145/190] uranian::ura: Uranian offspring/marriage pictures (h   260 cols  69.03%  AUC 0.6876  (hist gradient boosti)
  [146/190] vedic_core::ved: nakshatra 27 + pada 108 circular      207 cols  67.77%  AUC 0.6329  (hist gradient boosti)
  [147/190] vedic_core::ved: panchanga 5 limbs                     378 cols  67.15%  AUC 0.5355  (hist gradient boosti)
  [148/190] vedic_core::ved: vimshottari dasha at wedding          256 cols  67.15%  AUC 0.5467  (hist gradient boosti)
  [149/190] vedic_core::ved: D9 navamsa (marriage varga)           564 cols  67.17%  AUC 0.5784  (hist gradient boosti)
  [150/190] vedic_core::ved: vargas D1 D2 D3 D12 D30 D60           588 cols  67.73%  AUC 0.6305  (hist gradient boosti)
  [151/190] vedic_match::vm: ashtakoot 36pt (Lahiri)                53 cols  67.15%  AUC 0.5263  (hist gradient boosti)
  [152/190] vedic_match::vm: ashtakoot 36pt (Raman)                 53 cols  67.15%  AUC 0.5246  (hist gradient boosti)
  [153/190] vedic_match::vm: ashtakoot 36pt (Krishnamurti)          53 cols  67.15%  AUC 0.5263  (hist gradient boosti)
  [154/190] vedic_core::ved: nakshatra/pada one-hot                729 cols  67.20%  AUC 0.5760  (hist gradient boosti)
  [155/190] vedic_core::ved: D7 saptamsa (children varga)          617 cols  67.71%  AUC 0.6019  (hist gradient boosti)
  [156/190] vedic_match::vm: ashtakoot 36pt (True Citra)            53 cols  67.15%  AUC 0.5266  (hist gradient boosti)
  [157/190] vedic_core::ved: panchadha maitri cross-chart          342 cols  67.15%  AUC 0.5882  (hist gradient boosti)
  [158/190] vedic_match::vm: ten poruthams (Lahiri)                 43 cols  67.15%  AUC 0.5244  (hist gradient boosti)
  [159/190] vedic_match::vm: ten poruthams (Krishnamurti)           43 cols  67.15%  AUC 0.5245  (hist gradient boosti)
  [160/190] vedic_match::vm: ten poruthams (True Citra)             43 cols  67.15%  AUC 0.5245  (hist gradient boosti)
  [161/190] vedic_match::vm: ashtakoot ayanamsa spread (7 modes)    29 cols  67.15%  AUC 0.5256  (hist gradient boosti)
  [162/190] vedic_match::vm: ashtakoot under the +-6deg moon sme    24 cols  67.15%  AUC 0.5261  (hist gradient boosti)
  [163/190] vedic_match::vm: nakshatra pair low-rank + kuta vect    87 cols  67.15%  AUC 0.5355  (hist gradient boosti)
  [164/190] vedic_match::vm: moon nakshatra/rasi/pada one-hot      110 cols  67.15%  AUC 0.5203  (hist gradient boosti)
  [165/190] vedic_match::vm: guna milan verdict (total, grade, d    29 cols  67.15%  AUC 0.5254  (hist gradient boosti)
  [166/190] cohort::coh: exposure + birth cohort                     9 cols  69.71%  AUC 0.6976  (hist gradient boosti)
  [167/190] cohort::coh: birth decade one-hot                       23 cols  69.65%  AUC 0.6872  (hist gradient boosti)
  [168/190] cohort::coh: EVERYTHING                                 32 cols  69.71%  AUC 0.6976  (hist gradient boosti)
  [169/190] vedic_match::vm: kuta category pairs one-hot           330 cols  67.15%  AUC 0.5265  (logistic L2 (C=0.1))
  [170/190] vedic_core::ved: graha states + avastha                546 cols  67.79%  AUC 0.6384  (hist gradient boosti)
  [171/190] nationality::ctx: shared citizenship + missingness       6 cols  68.07%  AUC 0.6441  (hist gradient boosti)
  [172/190] vedic_match::vm: kuja dosha (moon/sun/venus lagna pr   182 cols  67.15%  AUC 0.5635  (hist gradient boosti)
  [173/190] nationality::ctx: citizenship one-hot, older            92 cols  69.12%  AUC 0.6571  (hist gradient boosti)
  [174/190] nationality::ctx: region one-hot + same region          23 cols  69.90%  AUC 0.6673  (hist gradient boosti)
  [175/190] nationality::ctx: sex pair                               3 cols  67.15%  AUC 0.5358  (logistic L2 (C=0.1))
  [176/190] nationality::ctx: citizenship one-hot, younger          92 cols  68.69%  AUC 0.6722  (hist gradient boosti)
  [177/190] vedic_core::ved: jaimini chara karakas (DK)            408 cols  67.15%  AUC 0.5641  (hist gradient boosti)
  [178/190] nationality::ctx: birthplace geography                  12 cols  69.66%  AUC 0.6658  (hist gradient boosti)
  [179/190] nationality::ctx: same birthplace + geo resolution       6 cols  68.31%  AUC 0.6301  (logistic L2 (C=0.1))
  [180/190] nationality::ctx: birth region + same region            23 cols  68.30%  AUC 0.6503  (hist gradient boosti)
  [181/190] precision::prec: date precision + window width          14 cols  67.15%  AUC 0.5524  (logistic L2 (C=0.1))
  [182/190] precision::prec: per-body attenuation, older            18 cols  67.15%  AUC 0.5107  (hist gradient boosti)
  [183/190] precision::prec: per-body attenuation, younger          18 cols  67.15%  AUC 0.5497  (logistic L2 (C=0.1))
  [184/190] nationality::ctx: region pair outer product            107 cols  67.15%  AUC 0.6474  (hist gradient boosti)
  [185/190] precision::prec: worst-case body reliability            18 cols  67.15%  AUC 0.5414  (hist gradient boosti)
  [186/190] nationality::ctx: citizenship one-hot, both partners   184 cols  71.24%  AUC 0.6953  (hist gradient boosti)
  [187/190] precision::prec: EVERYTHING                             68 cols  67.15%  AUC 0.5521  (hist gradient boosti)
  [188/190] nationality::ctx: birth country one-hot, both          164 cols  69.70%  AUC 0.6632  (hist gradient boosti)
  [189/190] precision::prec: pairwise contact reliability          324 cols  67.15%  AUC 0.5521  (hist gradient boosti)
  [190/190] nationality::ctx: EVERYTHING                           417 cols  71.93%  AUC 0.7086  (hist gradient boosti)
  DOB-ONLY MODE: no marriage date. Slots 'wedding', 'prog_older' and 'prog_younger' all carry the
                 Davison midpoint chart, and the three marriage-date modules are skipped.
  DOB-ONLY MODE: no marriage date. Slots 'wedding', 'prog_older' and 'prog_younger' all carry the
                 Davison midpoint chart, and the three marriage-date modules are skipped.
  DOB-ONLY MODE: no marriage date. Slots 'wedding', 'prog_older' and 'prog_younger' all carry the
                 Davison midpoint chart, and the three marriage-date modules are skipped.
  DOB-ONLY MODE: no marriage date. Slots 'wedding', 'prog_older' and 'prog_younger' all carry the
                 Davison midpoint chart, and the three marriage-date modules are skipped.
  DOB-ONLY MODE: no marriage date. Slots 'wedding', 'prog_older' and 'prog_younger' all carry the
                 Davison midpoint chart, and the three marriage-date modules are skipped.
  DOB-ONLY MODE: no marriage date. Slots 'wedding', 'prog_older' and 'prog_younger' all carry the
                 Davison midpoint chart, and the three marriage-date modules are skipped.

top 20 blocks by AUC:
  0.7086   71.93%    417 cols  nationality::ctx: EVERYTHING
  0.6981   69.70%    280 cols  lunar_calendrical::lun: saros/inex/metonic/callippic + computus
  0.6980   69.66%    486 cols  harmonics::har: declination parallels + out-of-bounds
  0.6978   69.76%      4 cols  mesoamerican::meso: distance numbers (LC intervals)
  0.6977   69.73%    272 cols  uranian::ura: hypotheticals dial positions & cross contacts
  0.6976   69.70%    405 cols  lunar_calendrical::lun: 45 pair synodic phases, births + diff
  0.6976   69.71%     32 cols  cohort::coh: EVERYTHING
  0.6976   69.71%      9 cols  cohort::coh: exposure + birth cohort
  0.6972   69.71%    204 cols  harmonics::har: ecliptic latitude contacts
  0.6967   69.65%    262 cols  babylonian_egyptian::bab+egy: schematic 360-day & Egyptian civil calendars
  0.6964   69.53%    286 cols  harmonics::har: heliocentric + helio-geo contacts
  0.6963   69.53%    547 cols  modern_western::mod: Davison chart + composite dispute
  0.6953   71.24%    184 cols  nationality::ctx: citizenship one-hot, both partners
  0.6944   69.47%    784 cols  uranian::ura: cross-chart dial distance 360/90/45/22.5
  0.6943   69.62%     69 cols  mesoamerican::meso: long count components + katun wheel
  0.6939   69.64%     96 cols  babylonian_egyptian::bab: goal-year phase, circular
  0.6928   69.35%    555 cols  harmonics::har: speed, stations, applying/separating
  0.6876   69.03%    260 cols  uranian::ura: Uranian offspring/marriage pictures (hypotheticals)
  0.6874   69.08%    600 cols  harmonics::har: harmonic 2/3/4/6/8/12 conj
  0.6872   69.65%     23 cols  cohort::coh: birth decade one-hot
SCREEN DONE
