model: P(became parents together) · 3 blocks · cross-validated AUC 0.7403
grid: 365 dates x 937 cities = 342,005 candidates
  3 batches of up to 149 dates x 937 cities
  batch 1/3 · 139,613 scored · best so far 0.1091
  batch 2/3 · 279,226 scored · best so far 0.1091
  batch 3/3 · 342,005 scored · best so far 0.1091

  TOP 20 candidate partners

    #  birth date   city                       country               score
  ---  ------------ -------------------------- ------------------ --------
    1  1994-01-20   Singapore                  Singapore            0.1091
    2  1994-01-21   Singapore                  Singapore            0.1091
    3  1994-01-22   Singapore                  Singapore            0.1091
    4  1994-01-23   Singapore                  Singapore            0.1091
    5  1994-01-24   Singapore                  Singapore            0.1091
    6  1994-01-25   Singapore                  Singapore            0.1091
    7  1994-01-26   Singapore                  Singapore            0.1091
    8  1994-01-27   Singapore                  Singapore            0.1091
    9  1994-01-28   Singapore                  Singapore            0.1091
   10  1994-01-29   Singapore                  Singapore            0.1091
   11  1994-01-30   Singapore                  Singapore            0.1091
   12  1994-01-31   Singapore                  Singapore            0.1091
   13  1994-02-01   Singapore                  Singapore            0.1091
   14  1994-02-02   Singapore                  Singapore            0.1091
   15  1994-01-01   Singapore                  Singapore            0.1089
   16  1994-01-02   Singapore                  Singapore            0.1089
   17  1994-01-03   Singapore                  Singapore            0.1089
   18  1994-01-04   Singapore                  Singapore            0.1089
   19  1994-01-05   Singapore                  Singapore            0.1089
   20  1994-01-06   Singapore                  Singapore            0.1089

  full ranking (top 2000) written to partner-search.json
