===== CHUNKED COLLECT (134,957 couples, 51 blocks, two dates only) =====
134,957 couples in 7 chunks of up to 22,000

  chunk 00 [0..22,000) building…
  chunk 00 done in 85s · 51 blocks, 12,627 columns total, from 23 modules
  chunk 01 [22,000..44,000) building…
  chunk 01 done in 85s · 51 blocks, 12,627 columns total, from 23 modules
  chunk 02 [44,000..66,000) building…
  chunk 02 done in 87s · 51 blocks, 12,627 columns total, from 23 modules
  chunk 03 [66,000..88,000) building…
  chunk 03 done in 84s · 51 blocks, 12,627 columns total, from 23 modules
  chunk 04 [88,000..110,000) building…
  chunk 04 done in 84s · 51 blocks, 12,627 columns total, from 23 modules
  chunk 05 [110,000..132,000) building…
  chunk 05 done in 86s · 51 blocks, 12,627 columns total, from 23 modules
  chunk 06 [132,000..134,957) building…
  chunk 06 done in 31s · 51 blocks, 12,627 columns total, from 23 modules

merging 51 blocks across 7 chunks
  african::afr: sothic sirius rising & solar elongation              134,957 x    77  (-16 constant)
  african::afr: isilimela & naka heliacal risings, the southern year 134,957 x    79  (-24 constant)
  lunar_calendrical::lun: saros/inex/metonic/callippic + computus    134,957 x   280  (-17 constant)
  lunar_calendrical::lun: 45 pair synodic phases, births + diff      134,957 x   405
  indigenous_americas::iam: dine nahookos revolving pair, midnight   134,957 x    11  (-29 constant)
  harmonics::har: ecliptic latitude contacts                         134,957 x   204
  uranian::ura: hypotheticals dial positions & cross contacts        134,957 x   272
  mesoamerican::meso: distance numbers (LC intervals)                134,957 x     4
  mesoamerican::meso: long count components + katun wheel            134,957 x    69  (-3 constant)
  harmonics::har: declination parallels + out-of-bounds              134,957 x   486  (-16 constant)
  aboriginal_australian::abo: named-star visibility classes at each  134,957 x    84  (-226 constant)
  modern_western::mod: Davison chart + composite dispute             134,957 x   547  (-18 constant)
  harmonics::har: heliocentric + helio-geo contacts                  134,957 x   286  (-2 constant)
  babylonian_egyptian::bab+egy: schematic 360-day & Egyptian civil c 134,957 x   262
  african::afr: dogon sigui 60y & sirius b orbital phase             134,957 x    24
  babylonian_egyptian::bab: goal-year phase, circular                134,957 x    96
  uranian::ura: cross-chart dial distance 360/90/45/22.5             134,957 x   784
  lunar_calendrical::lun: 45 pair synodic phases, wedding            134,957 x   180
  modern_western::mod: midpoint composite chart                      134,957 x   534  (-8 constant)
  uranian::ura: Uranian offspring/marriage pictures (hypotheticals)  134,957 x   260
  indigenous_americas::iam: mapuche we tripantu & punon choyke       134,957 x     6  (-35 constant)
  indigenous_americas::iam: inca dark clouds yacana & yutu at midnig 134,957 x     8  (-36 constant)
  modern_western::mod: Sun/Moon midpoint marriage axis               134,957 x   361
  tibetan_seasia::bur: mahabote weekday + year remainder             134,957 x   111
  vedic_core::ved: vargas D1 D2 D3 D12 D30 D60                       134,957 x   588
  vedic_core::ved: nakshatra 27 + pada 108 circular                  134,957 x   207
  aboriginal_australian::abo: emu solar phase, place-free            134,957 x    19
  vedic_ashtakavarga::sb6: cheshta bala + ishta/kashta phala         134,957 x    98  (-6 constant)
  vedic_core::ved: graha states + avastha                            134,957 x   546  (-21 constant)
  mesoamerican::meso: haab + calendar round + year bearer            134,957 x   185
  babylonian_egyptian::bab: EAE eclipse, saros, moon-omens & MUL.API 134,957 x   342  (-9 constant)
  vedic_ashtakavarga::sb6: sthana bala, five components              134,957 x    96  (-4 constant)
  vedic_ashtakavarga::upg: sun-derived upagrahas (exact)             134,957 x   338  (-2 constant)
  persian_arabic::pa: almuten point score (Ibn Ezra)                 134,957 x   169
  hellenistic::hel: sign qualities & solar phase                     134,957 x   330  (-6 constant)
  chinese::chi: sexagenary cycles circular + partner offsets         134,957 x    73
  hellenistic::hel: wedding chart ptolemaic orbs 2/4/6/12deg         134,957 x   390  (-30 constant)
  persian_arabic::pa: tasyir hits + divisor of the years             134,957 x   213  (-36 constant)
  persian_arabic::pa: reception + mutual reception                   134,957 x   305
  aboriginal_australian::abo: six- and seven-season calendars in cou 134,957 x    81  (-51 constant)
  hellenistic::hel: hermetic lots (circular)                         134,957 x   320
  chinese::chi: 24 jieqi solar terms + jianchu day officer           134,957 x   190
  east_asian_deep::ead: mongolian zurkhai jaran + tsagaan sar year b 134,957 x   406
  east_asian_deep::ead: sino-viet lunar month, day and leap (3 zones 134,957 x   408
  vedic_match::vm: kuja dosha (moon/sun/venus lagna proxies)         134,957 x   182
  east_asian_deep::ead: chinese almanac additions — 12 day gods, tai 134,957 x   372
  tibetan_seasia::tsa: rabjung year animal x element                 134,957 x   127
  chinese::chi: 28 xiu, classical unequal widths                     134,957 x   178
  vedic_match::vm: nakshatra pair low-rank + kuta vector             134,957 x    87  (-1 constant)
  vedic_match::vm: ashtakoot 36pt (Lahiri)                           134,957 x    53
  tibetan_seasia::thai: rerk mansions + nine classes                 134,957 x   298

51 blocks · 12,031 columns · 134,957 rows · 596 constant columns pruned globally
wrote manifest.json and /Users/arash/Studio/artamatch/astro/blocks/
removed /Users/arash/Studio/artamatch/astro/chunks
===== FIT + EXPORT =====
  AQ_NO_PLACE: birthplaces dropped — inputs are the two birth dates only, 08:00 UT
  DOB-ONLY MODE: no marriage date. Slots 'wedding', 'prog_older' and 'prog_younger' all carry the
                 Davison midpoint chart, and the three marriage-date modules are skipped.

  134,957 couples · 44,397 became parents together (32.9%)
  51 blocks · 12,031 columns · 17 traditions
  inputs: the two birth dates, 08:00 UT — no birthplace, no houses, no Ascendant
  5 person-disjoint folds over 110,650 person groups

  BASELINE  signed age gap (dob_woman - dob_man, years)   AUC 0.5028
            logit p = -0.7172 +0.00095 * gap

  fitting 51 blocks x 2 model kinds, out-of-fold, on 3 workers…
    [ 1/51] 0.7016  hgb   african::afr: sothic sirius rising & solar elongation
    [ 2/51] 0.7015  hgb   african::afr: isilimela & naka heliacal risings, the southern 
    [ 3/51] 0.7020  hgb   lunar_calendrical::lun: saros/inex/metonic/callippic + computu
    [ 4/51] 0.7011  hgb   lunar_calendrical::lun: 45 pair synodic phases, births + diff
    [ 5/51] 0.7011  hgb   indigenous_americas::iam: dine nahookos revolving pair, midnig
    [ 6/51] 0.7001  hgb   harmonics::har: ecliptic latitude contacts
    [ 7/51] 0.7010  hgb   uranian::ura: hypotheticals dial positions & cross contacts
    [ 8/51] 0.6972  hgb   mesoamerican::meso: distance numbers (LC intervals)
    [ 9/51] 0.6946  logit mesoamerican::meso: long count components + katun wheel
    [10/51] 0.7016  hgb   harmonics::har: declination parallels + out-of-bounds
    [11/51] 0.6951  hgb   aboriginal_australian::abo: named-star visibility classes at e
    [12/51] 0.7001  hgb   modern_western::mod: Davison chart + composite dispute
    [13/51] 0.6994  hgb   harmonics::har: heliocentric + helio-geo contacts
    [14/51] 0.7025  hgb   babylonian_egyptian::bab+egy: schematic 360-day & Egyptian civ
    [15/51] 0.6986  hgb   african::afr: dogon sigui 60y & sirius b orbital phase
    [16/51] 0.6938  hgb   babylonian_egyptian::bab: goal-year phase, circular
    [17/51] 0.6979  hgb   uranian::ura: cross-chart dial distance 360/90/45/22.5
    [18/51] 0.6836  hgb   lunar_calendrical::lun: 45 pair synodic phases, wedding
    [19/51] 0.6849  hgb   modern_western::mod: midpoint composite chart
    [20/51] 0.6896  hgb   uranian::ura: Uranian offspring/marriage pictures (hypothetica
    [21/51] 0.6444  hgb   indigenous_americas::iam: mapuche we tripantu & punon choyke
    [22/51] 0.6472  hgb   indigenous_americas::iam: inca dark clouds yacana & yutu at mi
    [23/51] 0.6521  hgb   modern_western::mod: Sun/Moon midpoint marriage axis
    [24/51] 0.6651  hgb   tibetan_seasia::bur: mahabote weekday + year remainder
/opt/homebrew/Cellar/python@3.14/3.14.6/Frameworks/Python.framework/Versions/3.14/lib/python3.14/multiprocessing/resource_tracker.py:233: UserWarning: resource_tracker: process died unexpectedly, relaunching.  Some resources might leak.
  warnings.warn('resource_tracker: process died unexpectedly, '
Traceback (most recent call last):
  File "/opt/homebrew/Cellar/python@3.14/3.14.6/Frameworks/Python.framework/Versions/3.14/lib/python3.14/multiprocessing/resource_tracker.py", line 453, in main
    cache[rtype].remove(name)
    ~~~~~~~~~~~~~~~~~~~^^^^^^
KeyError: '/loky-53889-p05svss6'
